// Jest Snapshot v1, https://goo.gl/fbAQLP

exports[`Expect to render customer list component 1`] = `ShallowWrapper {}`;
